// Jest Snapshot v1, https://goo.gl/fbAQLP

exports[`ItemList should match snapshot 1`] = `
ShallowWrapper {
  "length": 1,
  Symbol(enzyme.__root__): [Circular],
  Symbol(enzyme.__unrendered__): <ItemList
    items={
        Array [
            Object {
              "by": "rchaudhary",
              "descendants": 9,
              "id": 17256923,
              "kids": Array [
                17259028,
                17258582,
                17258792,
                17258618,
                17259069,
                17258445,
              ],
              "score": 65,
              "time": 1528386584,
              "title": "Raising a Very Unusual Round of Funding and Open-Sourcing Our Docs",
              "type": "story",
              "url": "https://sparktoro.com/blog/raised-a-very-unusual-round-of-funding-were-open-sourcing-our-docs/",
            },
          ]
    }
/>,
  Symbol(enzyme.__renderer__): Object {
    "batchedUpdates": [Function],
    "getNode": [Function],
    "render": [Function],
    "simulateEvent": [Function],
    "unmount": [Function],
  },
  Symbol(enzyme.__node__): Object {
    "instance": null,
    "key": undefined,
    "nodeType": "host",
    "props": Object {
      "children": Array [
        Array [
          <Unknown
            expanded={false}
            handleChange={[Function]}
            handleSave={[Function]}
            item={
                        Object {
                                    "by": "rchaudhary",
                                    "descendants": 9,
                                    "id": 17256923,
                                    "kids": Array [
                                      17259028,
                                      17258582,
                                      17258792,
                                      17258618,
                                      17259069,
                                      17258445,
                                    ],
                                    "score": 65,
                                    "time": 1528386584,
                                    "title": "Raising a Very Unusual Round of Funding and Open-Sourcing Our Docs",
                                    "type": "story",
                                    "url": "https://sparktoro.com/blog/raised-a-very-unusual-round-of-funding-were-open-sourcing-our-docs/",
                                  }
            }
            openDetail={[Function]}
/>,
        ],
        false,
      ],
    },
    "ref": null,
    "rendered": Array [
      Object {
        "instance": null,
        "key": "17256923",
        "nodeType": "function",
        "props": Object {
          "expanded": false,
          "handleChange": [Function],
          "handleSave": [Function],
          "item": Object {
            "by": "rchaudhary",
            "descendants": 9,
            "id": 17256923,
            "kids": Array [
              17259028,
              17258582,
              17258792,
              17258618,
              17259069,
              17258445,
            ],
            "score": 65,
            "time": 1528386584,
            "title": "Raising a Very Unusual Round of Funding and Open-Sourcing Our Docs",
            "type": "story",
            "url": "https://sparktoro.com/blog/raised-a-very-unusual-round-of-funding-were-open-sourcing-our-docs/",
          },
          "openDetail": [Function],
        },
        "ref": null,
        "rendered": null,
        "type": [Function],
      },
      false,
    ],
    "type": "div",
  },
  Symbol(enzyme.__nodes__): Array [
    Object {
      "instance": null,
      "key": undefined,
      "nodeType": "host",
      "props": Object {
        "children": Array [
          Array [
            <Unknown
              expanded={false}
              handleChange={[Function]}
              handleSave={[Function]}
              item={
                            Object {
                                          "by": "rchaudhary",
                                          "descendants": 9,
                                          "id": 17256923,
                                          "kids": Array [
                                            17259028,
                                            17258582,
                                            17258792,
                                            17258618,
                                            17259069,
                                            17258445,
                                          ],
                                          "score": 65,
                                          "time": 1528386584,
                                          "title": "Raising a Very Unusual Round of Funding and Open-Sourcing Our Docs",
                                          "type": "story",
                                          "url": "https://sparktoro.com/blog/raised-a-very-unusual-round-of-funding-were-open-sourcing-our-docs/",
                                        }
              }
              openDetail={[Function]}
/>,
          ],
          false,
        ],
      },
      "ref": null,
      "rendered": Array [
        Object {
          "instance": null,
          "key": "17256923",
          "nodeType": "function",
          "props": Object {
            "expanded": false,
            "handleChange": [Function],
            "handleSave": [Function],
            "item": Object {
              "by": "rchaudhary",
              "descendants": 9,
              "id": 17256923,
              "kids": Array [
                17259028,
                17258582,
                17258792,
                17258618,
                17259069,
                17258445,
              ],
              "score": 65,
              "time": 1528386584,
              "title": "Raising a Very Unusual Round of Funding and Open-Sourcing Our Docs",
              "type": "story",
              "url": "https://sparktoro.com/blog/raised-a-very-unusual-round-of-funding-were-open-sourcing-our-docs/",
            },
            "openDetail": [Function],
          },
          "ref": null,
          "rendered": null,
          "type": [Function],
        },
        false,
      ],
      "type": "div",
    },
  ],
  Symbol(enzyme.__options__): Object {
    "adapter": ReactSixteenAdapter {
      "options": Object {
        "enableComponentDidUpdateOnSetState": true,
      },
    },
  },
}
`;
